// Jest Snapshot v1, https://goo.gl/fbAQLP

exports[`renders a label 1`] = `
<div>
  <label
    class="block mb-2 text-sm text-3xl font-bold text-center text-gray-700"
  />
</div>
`;
