// Jest Snapshot v1, https://goo.gl/fbAQLP

exports[`renders a button 1`] = `
<div>
  <button
    class="border rounded px-4 py-2 font-semibold text-blue-700 bg-transparent border-blue-500 hover:bg-blue-500 hover:text-white hover:border-transparent"
  >
    Button
  </button>
</div>
`;
